main.c:82:6:Set_Pin_Output	40	static
main.c:90:6:Set_Pin_Input	40	static
main.c:99:6:delay	16	static
main.c:106:6:DHT11_Start	8	static
main.c:116:9:DHT11_Check_Response	16	static
main.c:131:9:DHT11_Read	16	static
main.c:148:6:HAL_GPIO_EXTI_Callback	16	static
main.c:163:6:HAL_ADC_ConvCpltCallback	16	static
main.c:175:5:main	48	static
main.c:283:6:SystemClock_Config	88	static
main.c:327:13:MX_ADC1_Init	24	static
main.c:377:13:MX_TIM2_Init	32	static
main.c:422:13:MX_TIM6_Init	16	static
main.c:460:13:MX_GPIO_Init	56	static
main.c:546:6:HAL_TIM_PeriodElapsedCallback	16	static
main.c:567:6:Error_Handler	4	static,ignoring_inline_asm
