main.c:86:6:Set_Pin_Output	40	static
main.c:94:6:Set_Pin_Input	40	static
main.c:103:6:delay	16	static
main.c:110:6:DHT11_Start	8	static
main.c:120:9:DHT11_Check_Response	16	static
main.c:135:9:DHT11_Read	16	static
main.c:152:6:HAL_GPIO_EXTI_Callback	16	static
main.c:167:6:HAL_ADC_ConvCpltCallback	16	static
main.c:183:5:main	56	static
main.c:304:6:SystemClock_Config	88	static
main.c:348:13:MX_ADC1_Init	24	static
main.c:398:13:MX_ADC2_Init	24	static
main.c:448:13:MX_TIM2_Init	32	static
main.c:493:13:MX_TIM6_Init	16	static
main.c:531:13:MX_GPIO_Init	56	static
main.c:610:6:HAL_TIM_PeriodElapsedCallback	16	static
main.c:631:6:Error_Handler	4	static,ignoring_inline_asm
