STM_MY_LCD16X2.c:39:13:LCD1602_EnablePulse	8	static
STM_MY_LCD16X2.c:47:13:LCD1602_RS	16	static
STM_MY_LCD16X2.c:54:13:LCD1602_write	24	static
STM_MY_LCD16X2.c:95:13:LCD1602_TIM_Config	40	static
STM_MY_LCD16X2.c:129:13:LCD1602_TIM_MicorSecDelay	16	static
STM_MY_LCD16X2.c:137:13:LCD1602_writeCommand	16	static
STM_MY_LCD16X2.c:145:13:LCD1602_writeData	16	static
STM_MY_LCD16X2.c:153:13:LCD1602_write4bitCommand	24	static
STM_MY_LCD16X2.c:169:6:LCD1602_Begin8BIT	24	static
STM_MY_LCD16X2.c:211:6:LCD1602_Begin4BIT	24	static
STM_MY_LCD16X2.c:251:6:LCD1602_print	24	static
STM_MY_LCD16X2.c:259:6:LCD1602_setCursor	24	static
STM_MY_LCD16X2.c:274:6:LCD1602_1stLine	8	static
STM_MY_LCD16X2.c:278:6:LCD1602_2ndLine	8	static
STM_MY_LCD16X2.c:283:6:LCD1602_TwoLines	8	static
STM_MY_LCD16X2.c:288:6:LCD1602_OneLine	8	static
STM_MY_LCD16X2.c:294:6:LCD1602_noCursor	8	static
STM_MY_LCD16X2.c:299:6:LCD1602_cursor	8	static
STM_MY_LCD16X2.c:305:6:LCD1602_clear	8	static
STM_MY_LCD16X2.c:311:6:LCD1602_noBlink	8	static
STM_MY_LCD16X2.c:316:6:LCD1602_blink	8	static
STM_MY_LCD16X2.c:322:6:LCD1602_noDisplay	8	static
STM_MY_LCD16X2.c:327:6:LCD1602_display	8	static
STM_MY_LCD16X2.c:333:6:LCD1602_shiftToRight	24	static
STM_MY_LCD16X2.c:340:6:LCD1602_shiftToLeft	24	static
STM_MY_LCD16X2.c:350:6:LCD1602_PrintInt	32	static
STM_MY_LCD16X2.c:366:6:LCD1602_PrintFloat	56	static
